
> frontend@0.1.0 build
> next build

node.exe : ÔÜá Warning: Next.js inferred your workspace root, but it may not be
 correct.
At C:\Program Files\nodejs\npm.ps1:29 char:3
+   & $NODE_EXE $NPM_CLI_JS $args
+   ~~~~~~~~~~~~~~~~~~~~~~~~~~~~~
    + CategoryInfo          : NotSpecified: (ÔÜá Warning: Ne...not be correct. 
   :String) [], RemoteException
    + FullyQualifiedErrorId : NativeCommandError
 
 We detected multiple lockfiles and selected the directory of C:\Users\matej\pa
ckage-lock.json as the root directory.
 To silence this warning, set `turbopack.root` in your Next.js config, or consi
der removing one of the lockfiles if it's not needed.
   See https://nextjs.org/docs/app/api-reference/config/next-config-js/turbopac
k#root-directory for more information.
 Detected additional lockfiles: 
   * C:\Users\matej\Desktop\Gabriela Baskova\frontend\package-lock.json

Ôľ▓ Next.js 16.1.6 (Turbopack)
- Environments: .env.local

  Creating an optimized production build ...
Ôťô Compiled successfully in 1568.1ms
  Running TypeScript ...
Failed to compile.

.next/dev/types/validator.ts:98:39
Type error: Cannot find module '../../../src/app/api/auth/login/route.js' or it
s corresponding type declarations.

[0m [90m  96 |[39m {
 [90m  97 |[39m   type __IsExpected[33m<[39m[33mSpecific[39m [36mextends
[39m [33mRouteHandlerConfig[39m[33m<[39m[32m"/api/auth/login"[39m[33m>>
[39m [33m=[39m [33mSpecific[39m
[31m[1m>[22m[39m[90m  98 |[39m   [36mconst[39m handler [33m=[39m {} 
[36mas[39m [36mtypeof[39m [36mimport[39m([32m"../../../src/app/api/auth/l
ogin/route.js"[39m)
 [90m     |[39m                                       [31m[1m^[22m[39m
 [90m  99 |[39m   type __Check [33m=[39m __IsExpected[33m<[39m[36mtypeof
[39m handler[33m>[39m
 [90m 100 |[39m   [90m// @ts-ignore[39m
 [90m 101 |[39m   type __Unused [33m=[39m __Check[0m
Next.js build worker exited with code: 1 and signal: null
